GET 200 https://pdv2.standardbio.com/resource ct=text/html; charset=UTF-8
POST 204 https://www.google-analytics.com/g/collect?v=2&tid=G-E7ZKVGKKSW&gtm=45je68j1v9100007297z8899877158za20gzb899877158zd899877158&_p=1787589424355&gcd=13l3l3l3l1l1&npa=0&dma=0&_eu=AAAAAAQ&are=1&cid=1030428632.1787589332&frm=0&ngs=1&pscdl=noapi&rcb=8&sr=1500x1000&uaa=x86&uab=64&uafvl=Not%253DA%253FBrand%3B99.0.0.0%7CMicrosoft%2520Edge%3B151.0.4129.101%7CChromium%3B151.0.7922.170&uam=&uamb=0&uap=Windows&uapv=19.0.0&uaw=0&ul=en-us&_s=1&tag_exp=115616985~115938465~115938468~118897920~118897930~119367802~119367810~120315470~120385423&sid=1787589331&sct=1&seg=1&dl=https%3A%2F%2Fpdv2.standardbio.com%2Fresource&dr=https%3A%2F%2Fpdv2.standardbio.com%2Flogin&dt=Panel%20Designer&en=page_view&tfd=491 ct=text/plain
GET 302 https://pdv2.standardbio.com/ ct=text/html; charset=UTF-8
GET 302 https://pdv2.standardbio.com/login ct=text/html; charset=UTF-8
GET 302 https://pdv2.standardbio.com/home ct=text/html; charset=UTF-8
GET 200 https://pdv2.standardbio.com/resource ct=text/html; charset=UTF-8
POST 204 https://www.google-analytics.com/g/collect?v=2&tid=G-E7ZKVGKKSW&gtm=45je68j1v9100007297z8899877158za20gzb899877158zd899877158&_p=1787589427145&gcd=13l3l3l3l1l1&npa=0&dma=0&_eu=AAAAAAQ&are=1&cid=1030428632.1787589332&frm=0&ngs=1&pscdl=noapi&rcb=6&sr=1500x1000&uaa=x86&uab=64&uafvl=Not%253DA%253FBrand%3B99.0.0.0%7CMicrosoft%2520Edge%3B151.0.4129.101%7CChromium%3B151.0.7922.170&uam=&uamb=0&uap=Windows&uapv=19.0.0&uaw=0&ul=en-us&_s=1&tag_exp=115616986~115938466~115938468~118897920~118897930~119367802~119367810~120315471~120385422&sid=1787589331&sct=1&seg=1&dl=https%3A%2F%2Fpdv2.standardbio.com%2Fresource&dt=Panel%20Designer&en=page_view&tfd=621 ct=text/plain
GET 200 https://pdv2.standardbio.com/catalog ct=text/html; charset=UTF-8
POST 204 https://www.google-analytics.com/g/collect?v=2&tid=G-E7ZKVGKKSW&gtm=45je68j1v9100007297z8899877158za20gzb899877158zd899877158&_p=1787589429295&gcd=13l3l3l3l1l1&npa=0&dma=0&_eu=AAAAAAQ&are=1&cid=1030428632.1787589332&frm=0&ngs=1&pscdl=noapi&rcb=15&sr=1500x1000&uaa=x86&uab=64&uafvl=Not%253DA%253FBrand%3B99.0.0.0%7CMicrosoft%2520Edge%3B151.0.4129.101%7CChromium%3B151.0.7922.170&uam=&uamb=0&uap=Windows&uapv=19.0.0&uaw=0&ul=en-us&_s=1&tag_exp=115938466~115938469~118897920~118897930~119367802~119367810~120315471~120385423&sid=1787589331&sct=1&seg=1&dl=https%3A%2F%2Fpdv2.standardbio.com%2Fcatalog&dt=Panel%20Designer&en=page_view&tfd=222 ct=text/plain
POST 200 https://pdv2.standardbio.com/catalog/get/ ct=text/html; charset=UTF-8
GET 200 https://pdv2.standardbio.com/catalog/metals ct=text/html; charset=UTF-8
POST 204 https://www.google-analytics.com/g/collect?v=2&tid=G-E7ZKVGKKSW&gtm=45je68j1v9100007297z8899877158za20gzb899877158zd899877158&_p=1787589431703&gcd=13l3l3l3l1l1&npa=0&dma=0&_eu=AAAAAAQ&are=1&cid=1030428632.1787589332&frm=0&ngs=1&pscdl=noapi&rcb=6&sr=1500x1000&uaa=x86&uab=64&uafvl=Not%253DA%253FBrand%3B99.0.0.0%7CMicrosoft%2520Edge%3B151.0.4129.101%7CChromium%3B151.0.7922.170&uam=&uamb=0&uap=Windows&uapv=19.0.0&uaw=0&ul=en-us&_s=1&tag_exp=115938466~115938469~118897920~118897930~119367802~119367810~120315471~120385422&sid=1787589331&sct=1&seg=1&dl=https%3A%2F%2Fpdv2.standardbio.com%2Fcatalog%2Fmetals&dt=Panel%20Designer&en=page_view&tfd=218 ct=text/plain
GET 200 https://pdv2.standardbio.com/experiment/216732 ct=text/html; charset=UTF-8
POST 204 https://www.google-analytics.com/g/collect?v=2&tid=G-E7ZKVGKKSW&gtm=45je68j1v9100007297z8899877158za20gzb899877158zd899877158&_p=1787589434036&gcd=13l3l3l3l1l1&npa=0&dma=0&_eu=AAAAAAQ&are=1&cid=1030428632.1787589332&frm=0&ngs=1&pscdl=noapi&rcb=9&sr=1500x1000&uaa=x86&uab=64&uafvl=Not%253DA%253FBrand%3B99.0.0.0%7CMicrosoft%2520Edge%3B151.0.4129.101%7CChromium%3B151.0.7922.170&uam=&uamb=0&uap=Windows&uapv=19.0.0&uaw=0&ul=en-us&_s=1&tag_exp=115938466~115938469~118897920~118897930~119367802~119367810~120315471~120385422&sid=1787589331&sct=1&seg=1&dl=https%3A%2F%2Fpdv2.standardbio.com%2Fexperiment%2F216732&dt=Panel%20Designer&en=page_view&tfd=400 ct=text/plain
POST 200 https://pdv2.standardbio.com/spillover/get_customer/7 ct=text/html; charset=UTF-8
POST 200 https://pdv2.standardbio.com/massbias/get/1 ct=text/html; charset=UTF-8
POST 200 https://pdv2.standardbio.com/node/get_exp_nodes/216732/undefined/false ct=text/html; charset=UTF-8
POST 200 https://pdv2.standardbio.com/product/get_labels_by_target ct=text/html; charset=UTF-8
POST 200 https://pdv2.standardbio.com/node/set ct=text/html; charset=UTF-8
POST 200 https://pdv2.standardbio.com/product/get_labels_by_target ct=text/html; charset=UTF-8
POST 200 https://pdv2.standardbio.com/product/get_labels_by_target ct=text/html; charset=UTF-8
POST 200 https://pdv2.standardbio.com/product/get_labels_by_target ct=text/html; charset=UTF-8
POST 200 https://pdv2.standardbio.com/product/get_labels_by_target ct=text/html; charset=UTF-8
POST 200 https://pdv2.standardbio.com/product/get_labels_by_target ct=text/html; charset=UTF-8
POST 200 https://pdv2.standardbio.com/product/get_labels_by_target ct=text/html; charset=UTF-8
POST 200 https://pdv2.standardbio.com/product/get_labels_by_target ct=text/html; charset=UTF-8
POST 200 https://pdv2.standardbio.com/product/get_labels_by_target ct=text/html; charset=UTF-8
POST 200 https://pdv2.standardbio.com/product/get_labels_by_target ct=text/html; charset=UTF-8
POST 200 https://pdv2.standardbio.com/product/get_labels_by_target ct=text/html; charset=UTF-8
POST 200 https://pdv2.standardbio.com/product/get_labels_by_target ct=text/html; charset=UTF-8
POST 200 https://pdv2.standardbio.com/node/set ct=text/html; charset=UTF-8
POST 200 https://pdv2.standardbio.com/node/set ct=text/html; charset=UTF-8
POST 200 https://pdv2.standardbio.com/node/set ct=text/html; charset=UTF-8
POST 200 https://pdv2.standardbio.com/node/set ct=text/html; charset=UTF-8
POST 200 https://pdv2.standardbio.com/group/get_ref_list/216732 ct=text/html; charset=UTF-8
POST 200 https://pdv2.standardbio.com/node/set ct=text/html; charset=UTF-8
POST 200 https://pdv2.standardbio.com/node/set ct=text/html; charset=UTF-8
POST 200 https://pdv2.standardbio.com/node/set ct=text/html; charset=UTF-8
POST 200 https://pdv2.standardbio.com/node/set ct=text/html; charset=UTF-8
POST 200 https://pdv2.standardbio.com/node/set ct=text/html; charset=UTF-8
POST 200 https://pdv2.standardbio.com/node/set ct=text/html; charset=UTF-8
POST 200 https://pdv2.standardbio.com/node/set ct=text/html; charset=UTF-8
GET 200 https://pdv2.standardbio.com/experiment/216539 ct=text/html; charset=UTF-8
POST 200 https://pdv2.standardbio.com/spillover/get_customer/7 ct=text/html; charset=UTF-8
POST 204 https://www.google-analytics.com/g/collect?v=2&tid=G-E7ZKVGKKSW&gtm=45je68j1v9100007297z8899877158za20gzb899877158zd899877158&_p=1787589437552&gcd=13l3l3l3l1l1&npa=0&dma=0&_eu=AAAAAAQ&are=1&cid=1030428632.1787589332&frm=0&ngs=1&pscdl=noapi&rcb=14&sr=1500x1000&uaa=x86&uab=64&uafvl=Not%253DA%253FBrand%3B99.0.0.0%7CMicrosoft%2520Edge%3B151.0.4129.101%7CChromium%3B151.0.7922.170&uam=&uamb=0&uap=Windows&uapv=19.0.0&uaw=0&ul=en-us&_s=1&tag_exp=115938465~115938469~118897920~118897930~119367802~119367810~120315471~120385423&sid=1787589331&sct=1&seg=1&dl=https%3A%2F%2Fpdv2.standardbio.com%2Fexperiment%2F216539&dt=Panel%20Designer&en=page_view&_et=1&tfd=568 ct=text/plain
POST 200 https://pdv2.standardbio.com/massbias/get/1 ct=text/html; charset=UTF-8
POST 200 https://pdv2.standardbio.com/node/get_exp_nodes/216539/undefined/false ct=text/html; charset=UTF-8